// Vitest Snapshot v1, https://vitest.dev/guide/snapshot.html

exports[`resolver#Room > room > should return a room through their ID 1`] = `
{
  "room": {
    "description": null,
    "document": {
      "content": "",
      "id": "document-0",
      "language": "TYPESCRIPT",
    },
    "id": "room-0",
    "isPrivate": false,
    "name": "Optimized maximized paradigm",
    "owner": {
      "displayName": "Katharina",
      "id": "user-0",
      "profilePicture": "https://via.placeholder.com/150x150/bc9de8/96d1f5.jpeg?text=Katharina",
    },
    "sessionLimit": null,
    "spectatorLimit": 20,
    "spectators": [
      {
        "canEdit": false,
        "id": "spectator-0",
        "isGuest": true,
        "name": "Katharina_Rau85",
      },
      {
        "canEdit": false,
        "id": "spectator-1",
        "isGuest": true,
        "name": "Hayley12",
      },
      {
        "canEdit": false,
        "id": "spectator-2",
        "isGuest": true,
        "name": "Hudson_Balistreri94",
      },
      {
        "canEdit": false,
        "id": "spectator-3",
        "isGuest": true,
        "name": "Kathryne.Quigley12",
      },
      {
        "canEdit": false,
        "id": "spectator-4",
        "isGuest": true,
        "name": "Vito97",
      },
      {
        "canEdit": false,
        "id": "spectator-5",
        "isGuest": true,
        "name": "Damaris.Strosin36",
      },
      {
        "canEdit": false,
        "id": "spectator-6",
        "isGuest": true,
        "name": "Sister82",
      },
      {
        "canEdit": false,
        "id": "spectator-7",
        "isGuest": true,
        "name": "Arden43",
      },
      {
        "canEdit": false,
        "id": "spectator-8",
        "isGuest": true,
        "name": "Schuyler86",
      },
      {
        "canEdit": false,
        "id": "spectator-9",
        "isGuest": true,
        "name": "Adell.Kuvalis",
      },
      {
        "canEdit": false,
        "id": "spectator-10",
        "isGuest": true,
        "name": "Olen_Aufderhar",
      },
      {
        "canEdit": false,
        "id": "spectator-11",
        "isGuest": true,
        "name": "Chelsie.Aufderhar",
      },
      {
        "canEdit": false,
        "id": "spectator-12",
        "isGuest": true,
        "name": "Cara.Robel8",
      },
      {
        "canEdit": false,
        "id": "spectator-13",
        "isGuest": true,
        "name": "Orion_Ferry89",
      },
      {
        "canEdit": false,
        "id": "spectator-14",
        "isGuest": true,
        "name": "Jordan_Rutherford",
      },
      {
        "canEdit": false,
        "id": "spectator-15",
        "isGuest": true,
        "name": "Rosie.Daugherty",
      },
      {
        "canEdit": false,
        "id": "spectator-16",
        "isGuest": true,
        "name": "Damien55",
      },
      {
        "canEdit": false,
        "id": "spectator-17",
        "isGuest": true,
        "name": "Eleanora.Lehner88",
      },
      {
        "canEdit": false,
        "id": "spectator-18",
        "isGuest": true,
        "name": "Mable_Lakin",
      },
      {
        "canEdit": false,
        "id": "spectator-19",
        "isGuest": true,
        "name": "Axel.Ruecker",
      },
    ],
  },
}
`;
