// Vitest Snapshot v1, https://vitest.dev/guide/snapshot.html

exports[`resolver#User > user > should return a user through their ID 1`] = `
{
  "user": {
    "authId": "NwzV451PMRYNsM7D8Wwpg",
    "authProvider": "github",
    "displayName": "Katharina",
    "email": "Katharina_Sporer@yahoo.com",
    "id": "user-0",
    "profilePicture": "https://via.placeholder.com/150x150/bc9de8/96d1f5.jpeg?text=Katharina",
    "rooms": null,
  },
}
`;
